#
# There is insufficient memory for the Java Runtime Environment to continue.
# Native memory allocation (malloc) failed to allocate 1065776 bytes for Chunk::new
# Possible reasons:
#   The system is out of physical RAM or swap space
#   The process is running with CompressedOops enabled, and the Java Heap may be blocking the growth of the native heap
# Possible solutions:
#   Reduce memory load on the system
#   Increase physical memory or swap space
#   Check if swap backing store is full
#   Decrease Java heap size (-Xmx/-Xms)
#   Decrease number of Java threads
#   Decrease Java thread stack sizes (-Xss)
#   Set larger code cache with -XX:ReservedCodeCacheSize=
#   JVM is running with Unscaled Compressed Oops mode in which the Java heap is
#     placed in the first 4GB address space. The Java Heap base address is the
#     maximum limit for the native heap growth. Please use -XX:HeapBaseMinAddress
#     to set the Java Heap base and to place the Java Heap above 4GB virtual address.
# This output file may be truncated or incomplete.
#
#  Out of Memory Error (arena.cpp:168), pid=32208, tid=18856
#
# JRE version: Java(TM) SE Runtime Environment (21.0.10+8) (build 21.0.10+8-LTS-217)
# Java VM: Java HotSpot(TM) 64-Bit Server VM (21.0.10+8-LTS-217, mixed mode, sharing, tiered, compressed oops, compressed class ptrs, g1 gc, windows-amd64)
# No core dump will be written. Minidumps are not enabled by default on client versions of Windows
#

---------------  S U M M A R Y ------------

Command Line: com.projeton1.AluguelFerramentasApplication

Host: Intel(R) Core(TM) i5-8265U CPU @ 1.60GHz, 8 cores, 7G,  Windows 11 , 64 bit Build 26100 (10.0.26100.8246)
Time: Wed May 13 22:17:45 2026 Hora oficial do Brasil elapsed time: 14.937562 seconds (0d 0h 0m 14s)

---------------  T H R E A D  ---------------

Current thread (0x0000027e4e407070):  JavaThread "C2 CompilerThread0" daemon [_thread_in_native, id=18856, stack(0x000000f777b00000,0x000000f777c00000) (1024K)]


Current CompileTask:
C2:  14937 5261       4       org.springframework.core.annotation.TypeMappedAnnotations::get (52 bytes)

Stack: [0x000000f777b00000,0x000000f777c00000]
Native frames: (J=compiled Java code, j=interpreted, Vv=VM code, C=native code)
V  [jvm.dll+0x6d0b59]
V  [jvm.dll+0x85fd56]
V  [jvm.dll+0x86224e]
V  [jvm.dll+0x862923]
V  [jvm.dll+0x282a16]
V  [jvm.dll+0xc662d]
V  [jvm.dll+0xc6b71]
V  [jvm.dll+0x2f800e]
V  [jvm.dll+0x5fadb7]
V  [jvm.dll+0x2549d7]
V  [jvm.dll+0x254d9d]
V  [jvm.dll+0x24d3cf]
V  [jvm.dll+0x24a84e]
V  [jvm.dll+0x1cacfe]
V  [jvm.dll+0x25a629]
V  [jvm.dll+0x258bb5]
V  [jvm.dll+0x3f4da1]
V  [jvm.dll+0x80a83d]
V  [jvm.dll+0x6cf3fd]
C  [ucrtbase.dll+0x37b0]
C  [KERNEL32.DLL+0x2e8d7]
C  [ntdll.dll+0x8c3fc]


---------------  P R O C E S S  ---------------

Threads class SMR info:
_java_thread_list=0x0000027e955ca620, length=17, elements={
0x0000027e2f6b3780, 0x0000027e4dc3f410, 0x0000027e4dc42080, 0x0000027e4dc4b4e0,
0x0000027e4dc4bf40, 0x0000027e4dc4d140, 0x0000027e4dc4e470, 0x0000027e4e407070,
0x0000027e4e43db50, 0x0000027e4e5cbbe0, 0x0000027e4e5d2ff0, 0x0000027e952666d0,
0x0000027e96473510, 0x0000027e96509510, 0x0000027e9604ea80, 0x0000027e96b96d70,
0x0000027e96b95fd0
}

Java Threads: ( => current thread )
  0x0000027e2f6b3780 JavaThread "main"                              [_thread_in_vm, id=31960, stack(0x000000f776d00000,0x000000f776e00000) (1024K)]
  0x0000027e4dc3f410 JavaThread "Reference Handler"          daemon [_thread_blocked, id=50704, stack(0x000000f777500000,0x000000f777600000) (1024K)]
  0x0000027e4dc42080 JavaThread "Finalizer"                  daemon [_thread_blocked, id=24628, stack(0x000000f777600000,0x000000f777700000) (1024K)]
  0x0000027e4dc4b4e0 JavaThread "Signal Dispatcher"          daemon [_thread_blocked, id=19544, stack(0x000000f777700000,0x000000f777800000) (1024K)]
  0x0000027e4dc4bf40 JavaThread "Attach Listener"            daemon [_thread_blocked, id=29876, stack(0x000000f777800000,0x000000f777900000) (1024K)]
  0x0000027e4dc4d140 JavaThread "Service Thread"             daemon [_thread_blocked, id=42012, stack(0x000000f777900000,0x000000f777a00000) (1024K)]
  0x0000027e4dc4e470 JavaThread "Monitor Deflation Thread"   daemon [_thread_blocked, id=48228, stack(0x000000f777a00000,0x000000f777b00000) (1024K)]
=>0x0000027e4e407070 JavaThread "C2 CompilerThread0"         daemon [_thread_in_native, id=18856, stack(0x000000f777b00000,0x000000f777c00000) (1024K)]
  0x0000027e4e43db50 JavaThread "C1 CompilerThread0"         daemon [_thread_blocked, id=31444, stack(0x000000f777c00000,0x000000f777d00000) (1024K)]
  0x0000027e4e5cbbe0 JavaThread "Notification Thread"        daemon [_thread_blocked, id=42128, stack(0x000000f777d00000,0x000000f777e00000) (1024K)]
  0x0000027e4e5d2ff0 JavaThread "Common-Cleaner"             daemon [_thread_blocked, id=12740, stack(0x000000f777e00000,0x000000f777f00000) (1024K)]
  0x0000027e952666d0 JavaThread "Catalina-utility-1"                [_thread_blocked, id=49576, stack(0x000000f778800000,0x000000f778900000) (1024K)]
  0x0000027e96473510 JavaThread "Catalina-utility-2"                [_thread_blocked, id=544, stack(0x000000f778900000,0x000000f778a00000) (1024K)]
  0x0000027e96509510 JavaThread "container-0"                       [_thread_blocked, id=30368, stack(0x000000f778a00000,0x000000f778b00000) (1024K)]
  0x0000027e9604ea80 JavaThread "HikariPool-1:housekeeper"   daemon [_thread_blocked, id=47916, stack(0x000000f777f00000,0x000000f778000000) (1024K)]
  0x0000027e96b96d70 JavaThread "C2 CompilerThread1"         daemon [_thread_in_native, id=47136, stack(0x000000f778c00000,0x000000f778d00000) (1024K)]
  0x0000027e96b95fd0 JavaThread "C2 CompilerThread2"         daemon [_thread_in_native, id=9208, stack(0x000000f778d00000,0x000000f778e00000) (1024K)]
Total: 17

Other Threads:
  0x0000027e4dc1eed0 VMThread "VM Thread"                           [id=18436, stack(0x000000f777400000,0x000000f777500000) (1024K)]
  0x0000027e4dc0e290 WatcherThread "VM Periodic Task Thread"        [id=51780, stack(0x000000f777300000,0x000000f777400000) (1024K)]
  0x0000027e31930dd0 WorkerThread "GC Thread#0"                     [id=50816, stack(0x000000f776e00000,0x000000f776f00000) (1024K)]
  0x0000027e946b7e60 WorkerThread "GC Thread#1"                     [id=47372, stack(0x000000f778000000,0x000000f778100000) (1024K)]
  0x0000027e946b8210 WorkerThread "GC Thread#2"                     [id=28600, stack(0x000000f778100000,0x000000f778200000) (1024K)]
  0x0000027e943eb1e0 WorkerThread "GC Thread#3"                     [id=51096, stack(0x000000f778200000,0x000000f778300000) (1024K)]
  0x0000027e94377b50 WorkerThread "GC Thread#4"                     [id=6484, stack(0x000000f778300000,0x000000f778400000) (1024K)]
  0x0000027e943610a0 WorkerThread "GC Thread#5"                     [id=37508, stack(0x000000f778400000,0x000000f778500000) (1024K)]
  0x0000027e94361450 WorkerThread "GC Thread#6"                     [id=52312, stack(0x000000f778500000,0x000000f778600000) (1024K)]
  0x0000027e94361c00 WorkerThread "GC Thread#7"                     [id=41956, stack(0x000000f778600000,0x000000f778700000) (1024K)]
  0x0000027e31943090 ConcurrentGCThread "G1 Main Marker"            [id=18032, stack(0x000000f776f00000,0x000000f777000000) (1024K)]
  0x0000027e31944340 WorkerThread "G1 Conc#0"                       [id=17680, stack(0x000000f777000000,0x000000f777100000) (1024K)]
  0x0000027e4ec38230 WorkerThread "G1 Conc#1"                       [id=15624, stack(0x000000f778700000,0x000000f778800000) (1024K)]
  0x0000027e4dad3090 ConcurrentGCThread "G1 Refine#0"               [id=7504, stack(0x000000f777100000,0x000000f777200000) (1024K)]
  0x0000027e4dad58e0 ConcurrentGCThread "G1 Service"                [id=49604, stack(0x000000f777200000,0x000000f777300000) (1024K)]
Total: 15

Threads with active compile tasks:
C2 CompilerThread0    14980 5261       4       org.springframework.core.annotation.TypeMappedAnnotations::get (52 bytes)
C2 CompilerThread1    14980 5268       4       org.springframework.core.annotation.AnnotationsScanner::getDeclaredAnnotations (167 bytes)
C2 CompilerThread2    14980 5287       4       org.springframework.core.annotation.TypeMappedAnnotations::get (8 bytes)
Total: 3

VM state: not at safepoint (normal execution)

VM Mutex/Monitor currently owned by a thread: None

Heap address: 0x0000000081e00000, size: 2018 MB, Compressed Oops mode: 32-bit

CDS archive(s) mapped at: [0x0000027e4f000000-0x0000027e4fc90000-0x0000027e4fc90000), size 13172736, SharedBaseAddress: 0x0000027e4f000000, ArchiveRelocationMode: 1.
Compressed class space mapped at: 0x0000027e50000000-0x0000027e90000000, reserved size: 1073741824
Narrow klass base: 0x0000027e4f000000, Narrow klass shift: 0, Narrow klass range: 0x100000000

GC Precious Log:
 CardTable entry size: 512
 Card Set container configuration: InlinePtr #cards 5 size 8 Array Of Cards #cards 12 size 40 Howl #buckets 4 coarsen threshold 1843 Howl Bitmap #cards 512 size 80 coarsen threshold 460 Card regions per heap region 1 cards per card region 2048
 CPUs: 8 total, 8 available
 Memory: 8067M
 Large Page Support: Disabled
 NUMA Support: Disabled
 Compressed Oops: Enabled (32-bit)
 Heap Region Size: 1M
 Heap Min Capacity: 8M
 Heap Initial Capacity: 128M
 Heap Max Capacity: 2018M
 Pre-touch: Disabled
 Parallel Workers: 8
 Concurrent Workers: 2
 Concurrent Refinement Workers: 8
 Periodic GC: Disabled

Heap:
 garbage-first heap   total 66560K, used 56434K [0x0000000081e00000, 0x0000000100000000)
  region size 1024K, 33 young (33792K), 3 survivors (3072K)
 Metaspace       used 71111K, committed 71808K, reserved 1114112K
  class space    used 9860K, committed 10176K, reserved 1048576K

Heap Regions: E=young(eden), S=young(survivor), O=old, HS=humongous(starts), HC=humongous(continues), CS=collection set, F=free, TAMS=top-at-mark-start, PB=parsable bottom
|   0|0x0000000081e00000, 0x0000000081f00000, 0x0000000081f00000|100%|HS|  |TAMS 0x0000000081e00000| PB 0x0000000081e00000| Complete 
|   1|0x0000000081f00000, 0x0000000082000000, 0x0000000082000000|100%|HS|  |TAMS 0x0000000081f00000| PB 0x0000000081f00000| Complete 
|   2|0x0000000082000000, 0x0000000082100000, 0x0000000082100000|100%| O|  |TAMS 0x0000000082000000| PB 0x0000000082000000| Untracked 
|   3|0x0000000082100000, 0x0000000082200000, 0x0000000082200000|100%| O|  |TAMS 0x0000000082100000| PB 0x0000000082100000| Untracked 
|   4|0x0000000082200000, 0x0000000082300000, 0x0000000082300000|100%| O|  |TAMS 0x0000000082200000| PB 0x0000000082200000| Untracked 
|   5|0x0000000082300000, 0x0000000082400000, 0x0000000082400000|100%| O|  |TAMS 0x0000000082300000| PB 0x0000000082300000| Untracked 
|   6|0x0000000082400000, 0x0000000082500000, 0x0000000082500000|100%| O|  |TAMS 0x0000000082400000| PB 0x0000000082400000| Untracked 
|   7|0x0000000082500000, 0x0000000082600000, 0x0000000082600000|100%| O|  |TAMS 0x0000000082500000| PB 0x0000000082500000| Untracked 
|   8|0x0000000082600000, 0x0000000082700000, 0x0000000082700000|100%| O|  |TAMS 0x0000000082600000| PB 0x0000000082600000| Untracked 
|   9|0x0000000082700000, 0x0000000082800000, 0x0000000082800000|100%| O|  |TAMS 0x0000000082700000| PB 0x0000000082700000| Untracked 
|  10|0x0000000082800000, 0x0000000082900000, 0x0000000082900000|100%| O|  |TAMS 0x0000000082800000| PB 0x0000000082800000| Untracked 
|  11|0x0000000082900000, 0x0000000082a00000, 0x0000000082a00000|100%| O|  |TAMS 0x0000000082900000| PB 0x0000000082900000| Untracked 
|  12|0x0000000082a00000, 0x0000000082b00000, 0x0000000082b00000|100%| O|  |TAMS 0x0000000082a00000| PB 0x0000000082a00000| Untracked 
|  13|0x0000000082b00000, 0x0000000082c00000, 0x0000000082c00000|100%| O|  |TAMS 0x0000000082b00000| PB 0x0000000082b00000| Untracked 
|  14|0x0000000082c00000, 0x0000000082d00000, 0x0000000082d00000|100%| O|  |TAMS 0x0000000082c00000| PB 0x0000000082c00000| Untracked 
|  15|0x0000000082d00000, 0x0000000082e00000, 0x0000000082e00000|100%| O|  |TAMS 0x0000000082d00000| PB 0x0000000082d00000| Untracked 
|  16|0x0000000082e00000, 0x0000000082f00000, 0x0000000082f00000|100%| O|  |TAMS 0x0000000082e00000| PB 0x0000000082e00000| Untracked 
|  17|0x0000000082f00000, 0x0000000083000000, 0x0000000083000000|100%| O|Cm|TAMS 0x0000000082f00000| PB 0x0000000082f00000| Complete 
|  18|0x0000000083000000, 0x0000000083100000, 0x0000000083100000|100%| O|  |TAMS 0x0000000083000000| PB 0x0000000083000000| Untracked 
|  19|0x0000000083100000, 0x0000000083200000, 0x0000000083200000|100%| O|  |TAMS 0x0000000083100000| PB 0x0000000083100000| Untracked 
|  20|0x0000000083200000, 0x0000000083300000, 0x0000000083300000|100%| O|  |TAMS 0x0000000083200000| PB 0x0000000083200000| Untracked 
|  21|0x0000000083300000, 0x0000000083400000, 0x0000000083400000|100%| O|  |TAMS 0x0000000083300000| PB 0x0000000083300000| Untracked 
|  22|0x0000000083400000, 0x0000000083500000, 0x0000000083500000|100%| O|  |TAMS 0x0000000083400000| PB 0x0000000083400000| Untracked 
|  23|0x0000000083500000, 0x0000000083600000, 0x0000000083600000|100%| O|  |TAMS 0x0000000083500000| PB 0x0000000083500000| Untracked 
|  24|0x0000000083600000, 0x000000008361c900, 0x0000000083700000| 11%| O|  |TAMS 0x0000000083600000| PB 0x0000000083600000| Untracked 
|  25|0x0000000083700000, 0x0000000083700000, 0x0000000083800000|  0%| F|  |TAMS 0x0000000083700000| PB 0x0000000083700000| Untracked 
|  26|0x0000000083800000, 0x0000000083800000, 0x0000000083900000|  0%| F|  |TAMS 0x0000000083800000| PB 0x0000000083800000| Untracked 
|  27|0x0000000083900000, 0x0000000083a00000, 0x0000000083a00000|100%| S|CS|TAMS 0x0000000083900000| PB 0x0000000083900000| Complete 
|  28|0x0000000083a00000, 0x0000000083b00000, 0x0000000083b00000|100%| S|CS|TAMS 0x0000000083a00000| PB 0x0000000083a00000| Complete 
|  29|0x0000000083b00000, 0x0000000083c00000, 0x0000000083c00000|100%| S|CS|TAMS 0x0000000083b00000| PB 0x0000000083b00000| Complete 
|  30|0x0000000083c00000, 0x0000000083c00000, 0x0000000083d00000|  0%| F|  |TAMS 0x0000000083c00000| PB 0x0000000083c00000| Untracked 
|  31|0x0000000083d00000, 0x0000000083d00000, 0x0000000083e00000|  0%| F|  |TAMS 0x0000000083d00000| PB 0x0000000083d00000| Untracked 
|  32|0x0000000083e00000, 0x0000000083e00000, 0x0000000083f00000|  0%| F|  |TAMS 0x0000000083e00000| PB 0x0000000083e00000| Untracked 
|  33|0x0000000083f00000, 0x0000000083f00000, 0x0000000084000000|  0%| F|  |TAMS 0x0000000083f00000| PB 0x0000000083f00000| Untracked 
|  34|0x0000000084000000, 0x0000000084000000, 0x0000000084100000|  0%| F|  |TAMS 0x0000000084000000| PB 0x0000000084000000| Untracked 
|  35|0x0000000084100000, 0x0000000084168a10, 0x0000000084200000| 40%| E|  |TAMS 0x0000000084100000| PB 0x0000000084100000| Complete 
|  36|0x0000000084200000, 0x0000000084300000, 0x0000000084300000|100%| E|CS|TAMS 0x0000000084200000| PB 0x0000000084200000| Complete 
|  37|0x0000000084300000, 0x0000000084400000, 0x0000000084400000|100%| E|CS|TAMS 0x0000000084300000| PB 0x0000000084300000| Complete 
|  38|0x0000000084400000, 0x0000000084500000, 0x0000000084500000|100%| E|CS|TAMS 0x0000000084400000| PB 0x0000000084400000| Complete 
|  39|0x0000000084500000, 0x0000000084600000, 0x0000000084600000|100%| E|CS|TAMS 0x0000000084500000| PB 0x0000000084500000| Complete 
|  40|0x0000000084600000, 0x0000000084700000, 0x0000000084700000|100%| E|CS|TAMS 0x0000000084600000| PB 0x0000000084600000| Complete 
|  41|0x0000000084700000, 0x0000000084800000, 0x0000000084800000|100%| E|CS|TAMS 0x0000000084700000| PB 0x0000000084700000| Complete 
|  42|0x0000000084800000, 0x0000000084900000, 0x0000000084900000|100%| E|CS|TAMS 0x0000000084800000| PB 0x0000000084800000| Complete 
|  43|0x0000000084900000, 0x0000000084a00000, 0x0000000084a00000|100%| E|CS|TAMS 0x0000000084900000| PB 0x0000000084900000| Complete 
|  44|0x0000000084a00000, 0x0000000084b00000, 0x0000000084b00000|100%| E|CS|TAMS 0x0000000084a00000| PB 0x0000000084a00000| Complete 
|  45|0x0000000084b00000, 0x0000000084c00000, 0x0000000084c00000|100%| E|CS|TAMS 0x0000000084b00000| PB 0x0000000084b00000| Complete 
|  46|0x0000000084c00000, 0x0000000084d00000, 0x0000000084d00000|100%| E|  |TAMS 0x0000000084c00000| PB 0x0000000084c00000| Complete 
|  47|0x0000000084d00000, 0x0000000084e00000, 0x0000000084e00000|100%| E|CS|TAMS 0x0000000084d00000| PB 0x0000000084d00000| Complete 
|  48|0x0000000084e00000, 0x0000000084f00000, 0x0000000084f00000|100%| E|CS|TAMS 0x0000000084e00000| PB 0x0000000084e00000| Complete 
|  49|0x0000000084f00000, 0x0000000085000000, 0x0000000085000000|100%| E|CS|TAMS 0x0000000084f00000| PB 0x0000000084f00000| Complete 
|  50|0x0000000085000000, 0x0000000085100000, 0x0000000085100000|100%| E|CS|TAMS 0x0000000085000000| PB 0x0000000085000000| Complete 
|  51|0x0000000085100000, 0x0000000085200000, 0x0000000085200000|100%| E|CS|TAMS 0x0000000085100000| PB 0x0000000085100000| Complete 
|  52|0x0000000085200000, 0x0000000085300000, 0x0000000085300000|100%| E|CS|TAMS 0x0000000085200000| PB 0x0000000085200000| Complete 
|  53|0x0000000085300000, 0x0000000085400000, 0x0000000085400000|100%| E|CS|TAMS 0x0000000085300000| PB 0x0000000085300000| Complete 
|  54|0x0000000085400000, 0x0000000085500000, 0x0000000085500000|100%| E|CS|TAMS 0x0000000085400000| PB 0x0000000085400000| Complete 
|  55|0x0000000085500000, 0x0000000085600000, 0x0000000085600000|100%| E|CS|TAMS 0x0000000085500000| PB 0x0000000085500000| Complete 
|  56|0x0000000085600000, 0x0000000085700000, 0x0000000085700000|100%| E|CS|TAMS 0x0000000085600000| PB 0x0000000085600000| Complete 
|  57|0x0000000085700000, 0x0000000085800000, 0x0000000085800000|100%| E|CS|TAMS 0x0000000085700000| PB 0x0000000085700000| Complete 
|  78|0x0000000086c00000, 0x0000000086d00000, 0x0000000086d00000|100%| E|CS|TAMS 0x0000000086c00000| PB 0x0000000086c00000| Complete 
|  79|0x0000000086d00000, 0x0000000086e00000, 0x0000000086e00000|100%| E|CS|TAMS 0x0000000086d00000| PB 0x0000000086d00000| Complete 
|  80|0x0000000086e00000, 0x0000000086f00000, 0x0000000086f00000|100%| E|CS|TAMS 0x0000000086e00000| PB 0x0000000086e00000| Complete 
|  81|0x0000000086f00000, 0x0000000087000000, 0x0000000087000000|100%| E|CS|TAMS 0x0000000086f00000| PB 0x0000000086f00000| Complete 
|  82|0x0000000087000000, 0x0000000087100000, 0x0000000087100000|100%| E|CS|TAMS 0x0000000087000000| PB 0x0000000087000000| Complete 
|  83|0x0000000087100000, 0x0000000087200000, 0x0000000087200000|100%| E|CS|TAMS 0x0000000087100000| PB 0x0000000087100000| Complete 
| 127|0x0000000089d00000, 0x0000000089e00000, 0x0000000089e00000|100%| E|CS|TAMS 0x0000000089d00000| PB 0x0000000089d00000| Complete 

Card table byte_map: [0x0000027e494a0000,0x0000027e498a0000] _byte_map_base: 0x0000027e49091000

Marking Bits: (CMBitMap*) 0x0000027e319314e0
 Bits: [0x0000027e498a0000, 0x0000027e4b828000)

Polling page: 0x0000027e2f7f0000

Metaspace:

Usage:
  Non-class:     59.82 MB used.
      Class:      9.63 MB used.
       Both:     69.45 MB used.

Virtual space:
  Non-class space:       64.00 MB reserved,      60.19 MB ( 94%) committed,  1 nodes.
      Class space:        1.00 GB reserved,       9.94 MB ( <1%) committed,  1 nodes.
             Both:        1.06 GB reserved,      70.12 MB (  6%) committed. 

Chunk freelists:
   Non-Class:  3.13 MB
       Class:  5.92 MB
        Both:  9.05 MB

MaxMetaspaceSize: unlimited
CompressedClassSpaceSize: 1.00 GB
Initial GC threshold: 21.00 MB
Current GC threshold: 98.88 MB
CDS: on
 - commit_granule_bytes: 65536.
 - commit_granule_words: 8192.
 - virtual_space_node_default_size: 8388608.
 - enlarge_chunks_in_place: 1.
 - use_allocation_guard: 0.


Internal statistics:

num_allocs_failed_limit: 9.
num_arena_births: 932.
num_arena_deaths: 0.
num_vsnodes_births: 2.
num_vsnodes_deaths: 0.
num_space_committed: 1122.
num_space_uncommitted: 0.
num_chunks_returned_to_freelist: 9.
num_chunks_taken_from_freelist: 3528.
num_chunk_merges: 9.
num_chunk_splits: 2594.
num_chunks_enlarged: 2079.
num_inconsistent_stats: 0.

CodeHeap 'non-profiled nmethods': size=120000Kb used=2633Kb max_used=2633Kb free=117367Kb
 bounds [0x0000027e41840000, 0x0000027e41ae0000, 0x0000027e48d70000]
CodeHeap 'profiled nmethods': size=120000Kb used=9253Kb max_used=9253Kb free=110747Kb
 bounds [0x0000027e39d70000, 0x0000027e3a680000, 0x0000027e412a0000]
CodeHeap 'non-nmethods': size=5760Kb used=1679Kb max_used=1724Kb free=4080Kb
 bounds [0x0000027e412a0000, 0x0000027e41510000, 0x0000027e41840000]
 total_blobs=5438 nmethods=4725 adapters=617
 compilation: enabled
              stopped_count=0, restarted_count=0
 full_count=0

Compilation events (20 events):
Event: 13.877 Thread 0x0000027e4e43db50 5359   !   3       jdk.internal.reflect.MethodHandleAccessorFactory::newMethodAccessor (61 bytes)
Event: 13.878 Thread 0x0000027e4e43db50 nmethod 5359 0x0000027e3a674290 code [0x0000027e3a674580, 0x0000027e3a674fc0]
Event: 13.878 Thread 0x0000027e4e43db50 5360       3       jdk.internal.reflect.MethodHandleAccessorFactory::makeSpecializedTarget (97 bytes)
Event: 13.879 Thread 0x0000027e4e43db50 nmethod 5360 0x0000027e3a675410 code [0x0000027e3a6756a0, 0x0000027e3a676328]
Event: 13.898 Thread 0x0000027e4e43db50 5361       3       org.springframework.core.BridgeMethodResolver::isResolvedTypeMatch (64 bytes)
Event: 13.899 Thread 0x0000027e4e43db50 nmethod 5361 0x0000027e3a676690 code [0x0000027e3a676920, 0x0000027e3a677560]
Event: 13.900 Thread 0x0000027e4e43db50 5362       3       org.springframework.util.ClassUtils::resolvePrimitiveIfNecessary (37 bytes)
Event: 13.900 Thread 0x0000027e4e43db50 nmethod 5362 0x0000027e3a677990 code [0x0000027e3a677b80, 0x0000027e3a678050]
Event: 13.900 Thread 0x0000027e4e43db50 5364       1       org.springframework.beans.factory.annotation.InitDestroyAnnotationBeanPostProcessor$1::hasDestroyMethods (2 bytes)
Event: 13.900 Thread 0x0000027e4e43db50 nmethod 5364 0x0000027e41ad1b10 code [0x0000027e41ad1ca0, 0x0000027e41ad1d68]
Event: 13.901 Thread 0x0000027e4e43db50 5365       3       org.springframework.beans.factory.support.AbstractBeanDefinition::hasPropertyValues (23 bytes)
Event: 13.901 Thread 0x0000027e4e43db50 nmethod 5365 0x0000027e3a678190 code [0x0000027e3a678340, 0x0000027e3a678690]
Event: 13.906 Thread 0x0000027e4e43db50 5366       3       org.springframework.beans.factory.support.AbstractAutowireCapableBeanFactory::applyBeanPostProcessorsBeforeInitialization (61 bytes)
Event: 13.907 Thread 0x0000027e4e43db50 nmethod 5366 0x0000027e3a678790 code [0x0000027e3a6789a0, 0x0000027e3a6790b0]
Event: 13.915 Thread 0x0000027e4e43db50 5367       3       org.springframework.util.Assert::hasLength (17 bytes)
Event: 13.915 Thread 0x0000027e4e43db50 nmethod 5367 0x0000027e3a679290 code [0x0000027e3a679460, 0x0000027e3a6797e8]
Event: 13.915 Thread 0x0000027e4e43db50 5368       1       jdk.xml.internal.XMLSecurityManager$Limit::systemProperty (5 bytes)
Event: 13.916 Thread 0x0000027e4e43db50 nmethod 5368 0x0000027e41ad1e10 code [0x0000027e41ad1fa0, 0x0000027e41ad2068]
Event: 14.545 Thread 0x0000027e4e43db50 5369       1       java.util.concurrent.locks.ReentrantReadWriteLock::readLock (5 bytes)
Event: 14.545 Thread 0x0000027e4e43db50 nmethod 5369 0x0000027e41ad2110 code [0x0000027e41ad22a0, 0x0000027e41ad2368]

GC Heap History (20 events):
Event: 1.973 GC heap before
{Heap before GC invocations=1 (full 0):
 garbage-first heap   total 131072K, used 34943K [0x0000000081e00000, 0x0000000100000000)
  region size 1024K, 30 young (30720K), 3 survivors (3072K)
 Metaspace       used 14139K, committed 14592K, reserved 1114112K
  class space    used 1733K, committed 1920K, reserved 1048576K
}
Event: 1.981 GC heap after
{Heap after GC invocations=2 (full 0):
 garbage-first heap   total 131072K, used 10843K [0x0000000081e00000, 0x0000000100000000)
  region size 1024K, 3 young (3072K), 3 survivors (3072K)
 Metaspace       used 14139K, committed 14592K, reserved 1114112K
  class space    used 1733K, committed 1920K, reserved 1048576K
}
Event: 2.911 GC heap before
{Heap before GC invocations=2 (full 0):
 garbage-first heap   total 131072K, used 50779K [0x0000000081e00000, 0x0000000100000000)
  region size 1024K, 44 young (45056K), 3 survivors (3072K)
 Metaspace       used 21120K, committed 21504K, reserved 1114112K
  class space    used 2567K, committed 2752K, reserved 1048576K
}
Event: 2.921 GC heap after
{Heap after GC invocations=3 (full 0):
 garbage-first heap   total 131072K, used 14411K [0x0000000081e00000, 0x0000000100000000)
  region size 1024K, 6 young (6144K), 6 survivors (6144K)
 Metaspace       used 21120K, committed 21504K, reserved 1114112K
  class space    used 2567K, committed 2752K, reserved 1048576K
}
Event: 3.837 GC heap before
{Heap before GC invocations=4 (full 0):
 garbage-first heap   total 55296K, used 41035K [0x0000000081e00000, 0x0000000100000000)
  region size 1024K, 32 young (32768K), 6 survivors (6144K)
 Metaspace       used 25931K, committed 26368K, reserved 1114112K
  class space    used 3226K, committed 3456K, reserved 1048576K
}
Event: 3.849 GC heap after
{Heap after GC invocations=5 (full 0):
 garbage-first heap   total 55296K, used 17339K [0x0000000081e00000, 0x0000000100000000)
  region size 1024K, 3 young (3072K), 3 survivors (3072K)
 Metaspace       used 25931K, committed 26368K, reserved 1114112K
  class space    used 3226K, committed 3456K, reserved 1048576K
}
Event: 4.706 GC heap before
{Heap before GC invocations=5 (full 0):
 garbage-first heap   total 55296K, used 42939K [0x0000000081e00000, 0x0000000100000000)
  region size 1024K, 28 young (28672K), 3 survivors (3072K)
 Metaspace       used 31654K, committed 32192K, reserved 1114112K
  class space    used 3919K, committed 4160K, reserved 1048576K
}
Event: 4.711 GC heap after
{Heap after GC invocations=6 (full 0):
 garbage-first heap   total 55296K, used 19875K [0x0000000081e00000, 0x0000000100000000)
  region size 1024K, 3 young (3072K), 3 survivors (3072K)
 Metaspace       used 31654K, committed 32192K, reserved 1114112K
  class space    used 3919K, committed 4160K, reserved 1048576K
}
Event: 5.162 GC heap before
{Heap before GC invocations=6 (full 0):
 garbage-first heap   total 55296K, used 33187K [0x0000000081e00000, 0x0000000100000000)
  region size 1024K, 17 young (17408K), 3 survivors (3072K)
 Metaspace       used 35568K, committed 36096K, reserved 1114112K
  class space    used 4509K, committed 4736K, reserved 1048576K
}
Event: 5.165 GC heap after
{Heap after GC invocations=7 (full 0):
 garbage-first heap   total 55296K, used 20895K [0x0000000081e00000, 0x0000000100000000)
  region size 1024K, 1 young (1024K), 1 survivors (1024K)
 Metaspace       used 35568K, committed 36096K, reserved 1114112K
  class space    used 4509K, committed 4736K, reserved 1048576K
}
Event: 5.856 GC heap before
{Heap before GC invocations=8 (full 0):
 garbage-first heap   total 55296K, used 44447K [0x0000000081e00000, 0x0000000100000000)
  region size 1024K, 25 young (25600K), 1 survivors (1024K)
 Metaspace       used 40977K, committed 41600K, reserved 1114112K
  class space    used 5528K, committed 5824K, reserved 1048576K
}
Event: 5.860 GC heap after
{Heap after GC invocations=9 (full 0):
 garbage-first heap   total 55296K, used 22701K [0x0000000081e00000, 0x0000000100000000)
  region size 1024K, 3 young (3072K), 3 survivors (3072K)
 Metaspace       used 40977K, committed 41600K, reserved 1114112K
  class space    used 5528K, committed 5824K, reserved 1048576K
}
Event: 6.480 GC heap before
{Heap before GC invocations=9 (full 0):
 garbage-first heap   total 55296K, used 45229K [0x0000000081e00000, 0x0000000100000000)
  region size 1024K, 26 young (26624K), 3 survivors (3072K)
 Metaspace       used 48766K, committed 49408K, reserved 1114112K
  class space    used 6426K, committed 6720K, reserved 1048576K
}
Event: 6.485 GC heap after
{Heap after GC invocations=10 (full 0):
 garbage-first heap   total 55296K, used 24122K [0x0000000081e00000, 0x0000000100000000)
  region size 1024K, 4 young (4096K), 4 survivors (4096K)
 Metaspace       used 48766K, committed 49408K, reserved 1114112K
  class space    used 6426K, committed 6720K, reserved 1048576K
}
Event: 7.017 GC heap before
{Heap before GC invocations=10 (full 0):
 garbage-first heap   total 55296K, used 45626K [0x0000000081e00000, 0x0000000100000000)
  region size 1024K, 26 young (26624K), 4 survivors (4096K)
 Metaspace       used 55908K, committed 56576K, reserved 1114112K
  class space    used 7504K, committed 7808K, reserved 1048576K
}
Event: 7.021 GC heap after
{Heap after GC invocations=11 (full 0):
 garbage-first heap   total 55296K, used 24903K [0x0000000081e00000, 0x0000000100000000)
  region size 1024K, 3 young (3072K), 3 survivors (3072K)
 Metaspace       used 55908K, committed 56576K, reserved 1114112K
  class space    used 7504K, committed 7808K, reserved 1048576K
}
Event: 7.399 GC heap before
{Heap before GC invocations=11 (full 0):
 garbage-first heap   total 55296K, used 39239K [0x0000000081e00000, 0x0000000100000000)
  region size 1024K, 18 young (18432K), 3 survivors (3072K)
 Metaspace       used 59932K, committed 60480K, reserved 1114112K
  class space    used 8129K, committed 8384K, reserved 1048576K
}
Event: 7.403 GC heap after
{Heap after GC invocations=12 (full 0):
 garbage-first heap   total 55296K, used 25657K [0x0000000081e00000, 0x0000000100000000)
  region size 1024K, 2 young (2048K), 2 survivors (2048K)
 Metaspace       used 59932K, committed 60480K, reserved 1114112K
  class space    used 8129K, committed 8384K, reserved 1048576K
}
Event: 7.993 GC heap before
{Heap before GC invocations=13 (full 0):
 garbage-first heap   total 55296K, used 48185K [0x0000000081e00000, 0x0000000100000000)
  region size 1024K, 24 young (24576K), 2 survivors (2048K)
 Metaspace       used 64388K, committed 65024K, reserved 1114112K
  class space    used 8736K, committed 9024K, reserved 1048576K
}
Event: 7.998 GC heap after
{Heap after GC invocations=14 (full 0):
 garbage-first heap   total 66560K, used 27762K [0x0000000081e00000, 0x0000000100000000)
  region size 1024K, 3 young (3072K), 3 survivors (3072K)
 Metaspace       used 64388K, committed 65024K, reserved 1114112K
  class space    used 8736K, committed 9024K, reserved 1048576K
}

Dll operation events (9 events):
Event: 0.011 Loaded shared library C:\Program Files\Java\jdk-21.0.10\bin\java.dll
Event: 0.144 Loaded shared library C:\Program Files\Java\jdk-21.0.10\bin\jsvml.dll
Event: 0.224 Loaded shared library C:\Program Files\Java\jdk-21.0.10\bin\net.dll
Event: 0.225 Loaded shared library C:\Program Files\Java\jdk-21.0.10\bin\nio.dll
Event: 0.230 Loaded shared library C:\Program Files\Java\jdk-21.0.10\bin\zip.dll
Event: 0.514 Loaded shared library C:\Program Files\Java\jdk-21.0.10\bin\jimage.dll
Event: 2.221 Loaded shared library C:\Program Files\Java\jdk-21.0.10\bin\sunmscapi.dll
Event: 4.356 Loaded shared library C:\Program Files\Java\jdk-21.0.10\bin\management.dll
Event: 4.363 Loaded shared library C:\Program Files\Java\jdk-21.0.10\bin\management_ext.dll

Deoptimization events (20 events):
Event: 9.655 Thread 0x0000027e2f6b3780 Uncommon trap: trap_request=0xffffffd6 fr.pc=0x0000027e419fbed0 relative=0x0000000000003fd0
Event: 9.655 Thread 0x0000027e2f6b3780 Uncommon trap: reason=array_check action=maybe_recompile pc=0x0000027e419fbed0 method=org.springframework.util.ConcurrentReferenceHashMap$Segment.lambda$doTask$0(Ljava/lang/Object;ILorg/springframework/util/ConcurrentReferenceHashMap$Reference;ILjava/lang
Event: 9.655 Thread 0x0000027e2f6b3780 DEOPT PACKING pc=0x0000027e419fbed0 sp=0x000000f776dfd230
Event: 9.655 Thread 0x0000027e2f6b3780 DEOPT UNPACKING pc=0x0000027e412f46a2 sp=0x000000f776dfcec0 mode 2
Event: 9.711 Thread 0x0000027e2f6b3780 Uncommon trap: trap_request=0xffffffd6 fr.pc=0x0000027e419fbed0 relative=0x0000000000003fd0
Event: 9.711 Thread 0x0000027e2f6b3780 Uncommon trap: reason=array_check action=maybe_recompile pc=0x0000027e419fbed0 method=org.springframework.util.ConcurrentReferenceHashMap$Segment.lambda$doTask$0(Ljava/lang/Object;ILorg/springframework/util/ConcurrentReferenceHashMap$Reference;ILjava/lang
Event: 9.712 Thread 0x0000027e2f6b3780 DEOPT PACKING pc=0x0000027e419fbed0 sp=0x000000f776dfde70
Event: 9.712 Thread 0x0000027e2f6b3780 DEOPT UNPACKING pc=0x0000027e412f46a2 sp=0x000000f776dfdb00 mode 2
Event: 9.724 Thread 0x0000027e2f6b3780 Uncommon trap: trap_request=0xffffffd6 fr.pc=0x0000027e419fbed0 relative=0x0000000000003fd0
Event: 9.724 Thread 0x0000027e2f6b3780 Uncommon trap: reason=array_check action=maybe_recompile pc=0x0000027e419fbed0 method=org.springframework.util.ConcurrentReferenceHashMap$Segment.lambda$doTask$0(Ljava/lang/Object;ILorg/springframework/util/ConcurrentReferenceHashMap$Reference;ILjava/lang
Event: 9.724 Thread 0x0000027e2f6b3780 DEOPT PACKING pc=0x0000027e419fbed0 sp=0x000000f776dfcc20
Event: 9.724 Thread 0x0000027e2f6b3780 DEOPT UNPACKING pc=0x0000027e412f46a2 sp=0x000000f776dfc8b0 mode 2
Event: 9.725 Thread 0x0000027e2f6b3780 Uncommon trap: trap_request=0xffffffd6 fr.pc=0x0000027e419fbed0 relative=0x0000000000003fd0
Event: 9.725 Thread 0x0000027e2f6b3780 Uncommon trap: reason=array_check action=maybe_recompile pc=0x0000027e419fbed0 method=org.springframework.util.ConcurrentReferenceHashMap$Segment.lambda$doTask$0(Ljava/lang/Object;ILorg/springframework/util/ConcurrentReferenceHashMap$Reference;ILjava/lang
Event: 9.725 Thread 0x0000027e2f6b3780 DEOPT PACKING pc=0x0000027e419fbed0 sp=0x000000f776dfcc20
Event: 9.725 Thread 0x0000027e2f6b3780 DEOPT UNPACKING pc=0x0000027e412f46a2 sp=0x000000f776dfc8b0 mode 2
Event: 9.736 Thread 0x0000027e2f6b3780 Uncommon trap: trap_request=0xffffff45 fr.pc=0x0000027e41a3dec4 relative=0x0000000000000784
Event: 9.736 Thread 0x0000027e2f6b3780 Uncommon trap: reason=unstable_if action=reinterpret pc=0x0000027e41a3dec4 method=org.springframework.core.annotation.AnnotationsScanner.processClassHierarchy(Ljava/lang/Object;[ILjava/lang/Class;Lorg/springframework/core/annotation/AnnotationsProcessor;Z
Event: 9.736 Thread 0x0000027e2f6b3780 DEOPT PACKING pc=0x0000027e41a3dec4 sp=0x000000f776dfb820
Event: 9.736 Thread 0x0000027e2f6b3780 DEOPT UNPACKING pc=0x0000027e412f46a2 sp=0x000000f776dfb838 mode 2

Classes loaded (20 events):
Event: 7.979 Loading class java/util/regex/Pattern$Neg
Event: 7.980 Loading class java/util/regex/Pattern$Neg done
Event: 7.980 Loading class java/util/regex/Pattern$Behind
Event: 7.980 Loading class java/util/regex/Pattern$Behind done
Event: 7.991 Loading class java/util/EmptyStackException
Event: 7.991 Loading class java/util/EmptyStackException done
Event: 8.022 Loading class java/io/InvalidClassException
Event: 8.023 Loading class java/io/InvalidClassException done
Event: 9.601 Loading class java/util/AbstractMap$SimpleEntry
Event: 9.601 Loading class java/util/AbstractMap$SimpleEntry done
Event: 9.646 Loading class jdk/internal/math/FormattedFPDecimal
Event: 9.647 Loading class jdk/internal/math/FormattedFPDecimal done
Event: 9.669 Loading class jdk/internal/reflect/MethodHandleBooleanFieldAccessorImpl
Event: 9.669 Loading class jdk/internal/reflect/MethodHandleBooleanFieldAccessorImpl done
Event: 9.819 Loading class java/util/EnumMap$EntrySet
Event: 9.820 Loading class java/util/EnumMap$EntrySet done
Event: 9.820 Loading class java/util/EnumMap$EntryIterator
Event: 9.820 Loading class java/util/EnumMap$EnumMapIterator
Event: 9.820 Loading class java/util/EnumMap$EnumMapIterator done
Event: 9.820 Loading class java/util/EnumMap$EntryIterator done

Classes unloaded (0 events):
No events

Classes redefined (0 events):
No events

Internal exceptions (20 events):
Event: 7.302 Thread 0x0000027e2f6b3780 Exception <a 'java/lang/NoSuchMethodError'{0x0000000084990678}: 'java.lang.Object java.lang.invoke.Invokers$Holder.linkToTargetMethod(java.lang.Object, java.lang.Object, java.lang.Object, java.lang.Object, java.lang.Object, java.lang.Object, java.lang.Object, java.lang.Object, java.lang.Object, java.lang.Object, java.lang.Object, java.lang.Object)'> (0x0000000084990678) 
thrown [s\open\src\hotspot\share\interpreter\linkResolver.cpp, line 773]
Event: 7.342 Thread 0x0000027e2f6b3780 Exception <a 'java/lang/IncompatibleClassChangeError'{0x0000000084700960}: Found class java.lang.Object, but interface was expected> (0x0000000084700960) 
thrown [s\open\src\hotspot\share\interpreter\linkResolver.cpp, line 840]
Event: 7.508 Thread 0x0000027e2f6b3780 Exception <a 'java/lang/NoSuchMethodError'{0x0000000086d4b370}: 'void java.lang.invoke.Invokers$Holder.invokeExact_MT(java.lang.Object, java.lang.Object, java.lang.Object, java.lang.Object)'> (0x0000000086d4b370) 
thrown [s\open\src\hotspot\share\interpreter\linkResolver.cpp, line 773]
Event: 7.522 Thread 0x0000027e2f6b3780 Implicit null exception at 0x0000027e4184dd17 to 0x0000027e4184df98
Event: 7.542 Thread 0x0000027e2f6b3780 Implicit null exception at 0x0000027e41ab59f6 to 0x0000027e41ab7540
Event: 7.549 Thread 0x0000027e2f6b3780 Exception <a 'java/lang/IncompatibleClassChangeError'{0x0000000084cd8dd8}: Found class java.lang.Object, but interface was expected> (0x0000000084cd8dd8) 
thrown [s\open\src\hotspot\share\interpreter\linkResolver.cpp, line 840]
Event: 7.590 Thread 0x0000027e2f6b3780 Exception <a 'java/lang/IncompatibleClassChangeError'{0x0000000084a62380}: Found class java.lang.Object, but interface was expected> (0x0000000084a62380) 
thrown [s\open\src\hotspot\share\interpreter\linkResolver.cpp, line 840]
Event: 7.868 Thread 0x0000027e2f6b3780 Exception <a 'java/lang/IncompatibleClassChangeError'{0x0000000083f2c4b8}: Found class java.lang.Object, but interface was expected> (0x0000000083f2c4b8) 
thrown [s\open\src\hotspot\share\interpreter\linkResolver.cpp, line 840]
Event: 7.938 Thread 0x0000027e2f6b3780 Exception <a 'java/lang/IncompatibleClassChangeError'{0x0000000083dc8d10}: Found class java.lang.Object, but interface was expected> (0x0000000083dc8d10) 
thrown [s\open\src\hotspot\share\interpreter\linkResolver.cpp, line 840]
Event: 7.973 Thread 0x0000027e2f6b3780 Exception <a 'java/lang/NoSuchMethodError'{0x0000000083c511e0}: 'long java.lang.invoke.DelegatingMethodHandle$Holder.reinvoke_L(java.lang.Object, java.lang.Object)'> (0x0000000083c511e0) 
thrown [s\open\src\hotspot\share\interpreter\linkResolver.cpp, line 773]
Event: 7.981 Thread 0x0000027e2f6b3780 Exception <a 'java/lang/NoSuchMethodError'{0x0000000083c7e670}: 'java.lang.Object java.lang.invoke.DirectMethodHandle$Holder.invokeInterface(java.lang.Object, java.lang.Object, java.lang.Object, java.lang.Object)'> (0x0000000083c7e670) 
thrown [s\open\src\hotspot\share\interpreter\linkResolver.cpp, line 773]
Event: 9.582 Thread 0x0000027e2f6b3780 Exception <a 'java/lang/NoSuchMethodError'{0x0000000084c4ebb8}: 'java.lang.Object java.lang.invoke.DirectMethodHandle$Holder.invokeStatic(java.lang.Object, java.lang.Object, java.lang.Object, java.lang.Object, java.lang.Object, java.lang.Object, java.lang.Object, java.lang.Object, java.lang.Object, int)'> (0x0000000084c4ebb8) 
thrown [s\open\src\hotspot\share\interpreter\linkResolver.cpp, line 773]
Event: 9.582 Thread 0x0000027e2f6b3780 Exception <a 'java/lang/NoSuchMethodError'{0x0000000084c58cf8}: 'java.lang.Object java.lang.invoke.DirectMethodHandle$Holder.invokeStatic(java.lang.Object, java.lang.Object, java.lang.Object, java.lang.Object, java.lang.Object, java.lang.Object, java.lang.Object, java.lang.Object, java.lang.Object, java.lang.Object, int)'> (0x0000000084c58cf8) 
thrown [s\open\src\hotspot\share\interpreter\linkResolver.cpp, line 773]
Event: 9.583 Thread 0x0000027e2f6b3780 Exception <a 'java/lang/NoSuchMethodError'{0x0000000084c64dc8}: 'java.lang.Object java.lang.invoke.DirectMethodHandle$Holder.invokeStatic(java.lang.Object, java.lang.Object, java.lang.Object, java.lang.Object, java.lang.Object, java.lang.Object, java.lang.Object, java.lang.Object, int)'> (0x0000000084c64dc8) 
thrown [s\open\src\hotspot\share\interpreter\linkResolver.cpp, line 773]
Event: 9.603 Thread 0x0000027e2f6b3780 Exception <a 'java/lang/NoSuchMethodError'{0x0000000084bde1e8}: 'java.lang.Object java.lang.invoke.DirectMethodHandle$Holder.newInvokeSpecial(java.lang.Object, java.lang.Object, int, int)'> (0x0000000084bde1e8) 
thrown [s\open\src\hotspot\share\interpreter\linkResolver.cpp, line 773]
Event: 9.603 Thread 0x0000027e2f6b3780 Exception <a 'java/lang/NoSuchMethodError'{0x0000000084be2380}: 'java.lang.Object java.lang.invoke.DirectMethodHandle$Holder.invokeSpecial(java.lang.Object, java.lang.Object, java.lang.Object, int, int)'> (0x0000000084be2380) 
thrown [s\open\src\hotspot\share\interpreter\linkResolver.cpp, line 773]
Event: 9.669 Thread 0x0000027e2f6b3780 Exception <a 'java/lang/NoSuchMethodError'{0x00000000849eb0e8}: 'int java.lang.invoke.Invokers$Holder.invokeExact_MT(java.lang.Object, java.lang.Object, java.lang.Object)'> (0x00000000849eb0e8) 
thrown [s\open\src\hotspot\share\interpreter\linkResolver.cpp, line 773]
Event: 9.685 Thread 0x0000027e2f6b3780 Exception <a 'java/lang/NoSuchMethodError'{0x0000000084872c10}: 'int java.lang.invoke.DirectMethodHandle$Holder.invokeStatic(java.lang.Object, java.lang.Object, int, int)'> (0x0000000084872c10) 
thrown [s\open\src\hotspot\share\interpreter\linkResolver.cpp, line 773]
Event: 9.747 Thread 0x0000027e2f6b3780 Exception <a 'java/lang/NoSuchMethodError'{0x0000000084646080}: 'java.lang.Object java.lang.invoke.DirectMethodHandle$Holder.newInvokeSpecial(java.lang.Object, java.lang.Object, java.lang.Object, java.lang.Object, java.lang.Object, java.lang.Object, java.lang.Object, java.lang.Object, java.lang.Object, java.lang.Object, java.lang.Object)'> (0x0000000084646080) 
thrown [s\open\src\hotspot\share\interpreter\linkResolver.cpp, line 773]
Event: 9.821 Thread 0x0000027e2f6b3780 Exception <a 'java/lang/NoSuchMethodError'{0x00000000844cf3e0}: 'java.lang.Object java.lang.invoke.DirectMethodHandle$Holder.invokeVirtual(java.lang.Object, java.lang.Object, java.lang.Object, int)'> (0x00000000844cf3e0) 
thrown [s\open\src\hotspot\share\interpreter\linkResolver.cpp, line 773]

ZGC Phase Switch (0 events):
No events

VM Operations (20 events):
Event: 7.433 Executing VM operation: G1PauseCleanup
Event: 7.433 Executing VM operation: G1PauseCleanup done
Event: 7.710 Executing VM operation: HandshakeAllThreads (Deoptimize)
Event: 7.711 Executing VM operation: HandshakeAllThreads (Deoptimize) done
Event: 7.712 Executing VM operation: HandshakeAllThreads (Deoptimize)
Event: 7.712 Executing VM operation: HandshakeAllThreads (Deoptimize) done
Event: 7.993 Executing VM operation: G1CollectForAllocation (G1 Evacuation Pause)
Event: 7.998 Executing VM operation: G1CollectForAllocation (G1 Evacuation Pause) done
Event: 8.037 Executing VM operation: HandshakeAllThreads (Deoptimize)
Event: 8.037 Executing VM operation: HandshakeAllThreads (Deoptimize) done
Event: 8.376 Executing VM operation: HandshakeAllThreads (Deoptimize)
Event: 8.376 Executing VM operation: HandshakeAllThreads (Deoptimize) done
Event: 9.379 Executing VM operation: Cleanup
Event: 9.379 Executing VM operation: Cleanup done
Event: 9.658 Executing VM operation: HandshakeAllThreads (Deoptimize)
Event: 9.658 Executing VM operation: HandshakeAllThreads (Deoptimize) done
Event: 10.663 Executing VM operation: Cleanup
Event: 10.852 Executing VM operation: Cleanup done
Event: 14.871 Executing VM operation: Cleanup
Event: 14.871 Executing VM operation: Cleanup done

Events (20 events):
Event: 7.424 Thread 0x0000027e4dc1eed0 flushing nmethod 0x0000027e3a249910
Event: 7.424 Thread 0x0000027e4dc1eed0 flushing nmethod 0x0000027e3a32f090
Event: 7.424 Thread 0x0000027e4dc1eed0 flushing nmethod 0x0000027e3a32f490
Event: 7.424 Thread 0x0000027e4dc1eed0 flushing nmethod 0x0000027e3a331790
Event: 7.424 Thread 0x0000027e4dc1eed0 flushing nmethod 0x0000027e3a333610
Event: 7.424 Thread 0x0000027e4dc1eed0 flushing nmethod 0x0000027e3a369c90
Event: 7.424 Thread 0x0000027e4dc1eed0 flushing nmethod 0x0000027e3a36e590
Event: 7.424 Thread 0x0000027e4dc1eed0 flushing nmethod 0x0000027e3a3bcd90
Event: 7.424 Thread 0x0000027e4dc1eed0 flushing nmethod 0x0000027e3a3be290
Event: 7.424 Thread 0x0000027e4dc1eed0 flushing nmethod 0x0000027e3a46d290
Event: 7.424 Thread 0x0000027e4dc1eed0 flushing nmethod 0x0000027e3a46ef10
Event: 7.424 Thread 0x0000027e4dc1eed0 flushing nmethod 0x0000027e3a47fe10
Event: 7.424 Thread 0x0000027e4dc1eed0 flushing nmethod 0x0000027e3a4bcc10
Event: 7.480 Thread 0x0000027e9604f110 Thread added: 0x0000027e9604f110
Event: 7.482 Thread 0x0000027e9604f110 Thread exited: 0x0000027e9604f110
Event: 8.290 Thread 0x0000027e96b96d70 Thread added: 0x0000027e96b96d70
Event: 9.425 Thread 0x0000027e96b966a0 Thread added: 0x0000027e96b966a0
Event: 9.607 Thread 0x0000027e96b966a0 Thread exited: 0x0000027e96b966a0
Event: 9.745 Thread 0x0000027e96b95fd0 Thread added: 0x0000027e96b95fd0
Event: 11.549 Thread 0x0000027e960511e0 Thread exited: 0x0000027e960511e0


Dynamic libraries:
0x00007ff664fb0000 - 0x00007ff664fc0000 	C:\Program Files\Java\jdk-21.0.10\bin\java.exe
0x00007ff8c5640000 - 0x00007ff8c58a7000 	C:\WINDOWS\SYSTEM32\ntdll.dll
0x00007ff8c4670000 - 0x00007ff8c4739000 	C:\WINDOWS\System32\KERNEL32.DLL
0x00007ff8c2210000 - 0x00007ff8c2604000 	C:\WINDOWS\System32\KERNELBASE.dll
0x00007ff8c1f10000 - 0x00007ff8c205b000 	C:\WINDOWS\System32\ucrtbase.dll
0x00007ff8b5a20000 - 0x00007ff8b5a39000 	C:\Program Files\Java\jdk-21.0.10\bin\jli.dll
0x00007ff8b8bd0000 - 0x00007ff8b8bee000 	C:\Program Files\Java\jdk-21.0.10\bin\VCRUNTIME140.dll
0x00007ff8c45b0000 - 0x00007ff8c4666000 	C:\WINDOWS\System32\ADVAPI32.dll
0x00007ff8c5550000 - 0x00007ff8c55f9000 	C:\WINDOWS\System32\msvcrt.dll
0x00007ff8c4420000 - 0x00007ff8c44c7000 	C:\WINDOWS\System32\sechost.dll
0x00007ff8c53b0000 - 0x00007ff8c54c8000 	C:\WINDOWS\System32\RPCRT4.dll
0x00007ff8c4b70000 - 0x00007ff8c4d35000 	C:\WINDOWS\System32\USER32.dll
0x00007ff8c2060000 - 0x00007ff8c2087000 	C:\WINDOWS\System32\win32u.dll
0x00007ff8a6540000 - 0x00007ff8a67d3000 	C:\WINDOWS\WinSxS\amd64_microsoft.windows.common-controls_6595b64144ccf1df_6.0.26100.8115_none_3e075c82e3354f9c\COMCTL32.dll
0x00007ff8c43f0000 - 0x00007ff8c441b000 	C:\WINDOWS\System32\GDI32.dll
0x00007ff8c2ff0000 - 0x00007ff8c311b000 	C:\WINDOWS\System32\gdi32full.dll
0x00007ff8c3320000 - 0x00007ff8c33c3000 	C:\WINDOWS\System32\msvcp_win.dll
0x00007ff8b7eb0000 - 0x00007ff8b7ebb000 	C:\WINDOWS\SYSTEM32\VERSION.dll
0x00007ff8c43b0000 - 0x00007ff8c43e2000 	C:\WINDOWS\System32\IMM32.DLL
0x00007ff89e5e0000 - 0x00007ff89e5ec000 	C:\Program Files\Java\jdk-21.0.10\bin\vcruntime140_1.dll
0x00007ff835bf0000 - 0x00007ff835c7d000 	C:\Program Files\Java\jdk-21.0.10\bin\msvcp140.dll
0x00007fffff2c0000 - 0x00007ffffffe7000 	C:\Program Files\Java\jdk-21.0.10\bin\server\jvm.dll
0x00007ff8c40f0000 - 0x00007ff8c4170000 	C:\WINDOWS\System32\WS2_32.dll
0x00007ff8c1d70000 - 0x00007ff8c1dce000 	C:\WINDOWS\SYSTEM32\POWRPROF.dll
0x00007ff8a67f0000 - 0x00007ff8a6826000 	C:\WINDOWS\SYSTEM32\WINMM.dll
0x00007ff8c1d50000 - 0x00007ff8c1d64000 	C:\WINDOWS\SYSTEM32\UMPDC.dll
0x00007ff8c0ca0000 - 0x00007ff8c0cbb000 	C:\WINDOWS\SYSTEM32\kernel.appcore.dll
0x00007ff89e5d0000 - 0x00007ff89e5da000 	C:\Program Files\Java\jdk-21.0.10\bin\jimage.dll
0x00007ff8bfe10000 - 0x00007ff8c0052000 	C:\WINDOWS\SYSTEM32\DBGHELP.DLL
0x00007ff8c3460000 - 0x00007ff8c37e2000 	C:\WINDOWS\System32\combase.dll
0x00007ff8c44d0000 - 0x00007ff8c45a8000 	C:\WINDOWS\System32\OLEAUT32.dll
0x00007ff8af930000 - 0x00007ff8af96b000 	C:\WINDOWS\SYSTEM32\dbgcore.DLL
0x00007ff8c3120000 - 0x00007ff8c31c5000 	C:\WINDOWS\System32\bcryptPrimitives.dll
0x00007ff89c870000 - 0x00007ff89c891000 	C:\Program Files\Java\jdk-21.0.10\bin\java.dll
0x00007ff8c3920000 - 0x00007ff8c4087000 	C:\WINDOWS\System32\SHELL32.dll
0x00007ff8c2610000 - 0x00007ff8c277a000 	C:\WINDOWS\System32\wintypes.dll
0x00007ff8c2780000 - 0x00007ff8c2fe8000 	C:\WINDOWS\System32\windows.storage.dll
0x00007ff8c37f0000 - 0x00007ff8c38e8000 	C:\WINDOWS\System32\SHCORE.dll
0x00007ff8c4740000 - 0x00007ff8c47a6000 	C:\WINDOWS\System32\shlwapi.dll
0x00007ff8c1e30000 - 0x00007ff8c1e59000 	C:\WINDOWS\SYSTEM32\profapi.dll
0x00007ff8358c0000 - 0x00007ff835997000 	C:\Program Files\Java\jdk-21.0.10\bin\jsvml.dll
0x00007ff88bda0000 - 0x00007ff88bdb1000 	C:\Program Files\Java\jdk-21.0.10\bin\net.dll
0x00007ff8b5570000 - 0x00007ff8b569d000 	C:\WINDOWS\SYSTEM32\WINHTTP.dll
0x00007ff8c1210000 - 0x00007ff8c127c000 	C:\WINDOWS\system32\mswsock.dll
0x00007ff84eac0000 - 0x00007ff84ead6000 	C:\Program Files\Java\jdk-21.0.10\bin\nio.dll
0x00007ff8485c0000 - 0x00007ff8485d8000 	C:\Program Files\Java\jdk-21.0.10\bin\zip.dll
0x00007ff8b5be0000 - 0x00007ff8b5bee000 	C:\Program Files\Java\jdk-21.0.10\bin\sunmscapi.dll
0x00007ff8c2090000 - 0x00007ff8c2207000 	C:\WINDOWS\System32\CRYPT32.dll
0x00007ff8c1710000 - 0x00007ff8c1740000 	C:\WINDOWS\SYSTEM32\ncrypt.dll
0x00007ff8c16c0000 - 0x00007ff8c16ff000 	C:\WINDOWS\SYSTEM32\NTASN1.dll
0x00007ff8c14f0000 - 0x00007ff8c150b000 	C:\WINDOWS\SYSTEM32\CRYPTSP.dll
0x00007ff8c0c00000 - 0x00007ff8c0c39000 	C:\WINDOWS\system32\rsaenh.dll
0x00007ff8c12c0000 - 0x00007ff8c12f3000 	C:\WINDOWS\SYSTEM32\USERENV.dll
0x00007ff8c1e00000 - 0x00007ff8c1e2a000 	C:\WINDOWS\SYSTEM32\bcrypt.dll
0x00007ff8c1510000 - 0x00007ff8c151c000 	C:\WINDOWS\SYSTEM32\CRYPTBASE.dll
0x00007ff8c06a0000 - 0x00007ff8c06d2000 	C:\WINDOWS\SYSTEM32\IPHLPAPI.DLL
0x00007ff8c4a60000 - 0x00007ff8c4a6a000 	C:\WINDOWS\System32\NSI.dll
0x00007ff8b5ae0000 - 0x00007ff8b5aea000 	C:\Program Files\Java\jdk-21.0.10\bin\management.dll
0x00007ff8b5ad0000 - 0x00007ff8b5adc000 	C:\Program Files\Java\jdk-21.0.10\bin\management_ext.dll
0x00007ff8c4090000 - 0x00007ff8c4098000 	C:\WINDOWS\System32\PSAPI.DLL

dbghelp: loaded successfully - version: 4.0.5 - missing functions: none
symbol engine: initialized successfully - sym options: 0x614 - pdb path: .;C:\Program Files\Java\jdk-21.0.10\bin;C:\WINDOWS\SYSTEM32;C:\WINDOWS\WinSxS\amd64_microsoft.windows.common-controls_6595b64144ccf1df_6.0.26100.8115_none_3e075c82e3354f9c;C:\Program Files\Java\jdk-21.0.10\bin\server

VM Arguments:
java_command: com.projeton1.AluguelFerramentasApplication
java_class_path (initial): C:\Users\guilh\Downloads\aluguel-ferramentas\aluguel-ferramentas\aluguel-ferramentas\target\classes;C:\Users\guilh\.m2\repository\org\springframework\boot\spring-boot-h2console\4.0.6\spring-boot-h2console-4.0.6.jar;C:\Users\guilh\.m2\repository\org\springframework\boot\spring-boot\4.0.6\spring-boot-4.0.6.jar;C:\Users\guilh\.m2\repository\org\springframework\spring-core\7.0.7\spring-core-7.0.7.jar;C:\Users\guilh\.m2\repository\commons-logging\commons-logging\1.3.6\commons-logging-1.3.6.jar;C:\Users\guilh\.m2\repository\org\jspecify\jspecify\1.0.0\jspecify-1.0.0.jar;C:\Users\guilh\.m2\repository\org\springframework\spring-context\7.0.7\spring-context-7.0.7.jar;C:\Users\guilh\.m2\repository\org\springframework\spring-expression\7.0.7\spring-expression-7.0.7.jar;C:\Users\guilh\.m2\repository\io\micrometer\micrometer-observation\1.16.5\micrometer-observation-1.16.5.jar;C:\Users\guilh\.m2\repository\io\micrometer\micrometer-commons\1.16.5\micrometer-commons-1.16.5.jar;C:\Users\guilh\.m2\repository\jakarta\servlet\jakarta.servlet-api\6.1.0\jakarta.servlet-api-6.1.0.jar;C:\Users\guilh\.m2\repository\org\springframework\boot\spring-boot-starter-data-jpa\4.0.6\spring-boot-starter-data-jpa-4.0.6.jar;C:\Users\guilh\.m2\repository\org\springframework\boot\spring-boot-starter\4.0.6\spring-boot-starter-4.0.6.jar;C:\Users\guilh\.m2\repository\org\springframework\boot\spring-boot-starter-logging\4.0.6\spring-boot-starter-logging-4.0.6.jar;C:\Users\guilh\.m2\repository\ch\qos\logback\logback-classic\1.5.32\logback-classic-1.5.32.jar;C:\Users\guilh\.m2\repository\ch\qos\logback\logback-core\1.5.32\logback-core-1.5.32.jar;C:\Users\guilh\.m2\repository\org\apache\logging\log4j\log4j-to-slf4j\2.25.4\log4j-to-slf4j-2.25.4.jar;C:\Users\guilh\.m2\repository\org\apache\logging\log4j\log4j-api\2.25.4\log4j-api-2.25.4.jar;C:\Users\guilh\.m2\repository\org\slf4j\jul-to-slf4j\2.0.17\jul-to-slf4j-2.0.17.jar;C:\Users\guilh\.m2\repository\org\springframework\boot\spring-boot-autoconfigure\4.0.6\spring-boot-autoconfigure-4.0.6.jar;C:\Users\guilh\.m2\repository\jakarta\annotation\jakarta.annotation-api\3.0.0\jakarta.annotation-api-3.0.0.jar;C:\Users\guilh\.m2\repository\org\yaml\snakeyaml\2.5\snakeyaml-2.5.jar;C:\Users\guilh\.m2\repository\org\springframework\boot\spring-boot-starter-jdbc\4.0.6\spring-boot-starter-jdbc-4.0.6.jar;C:\Users\guilh\.m2\repository\com\zaxxer\HikariCP\7.0.2\HikariCP-7.0.2.jar;C:\Users\guilh\.m2\repository\org\springframework\boot\spring-boot-data-jpa\4.0.6\spring-boot-data-jpa-4.0.6.jar;C:\Users\guilh\.m2\repository\org\springframework\boot\spring-boot-data-commons\4.0.6\spring-boot-data-commons-4.0.6.jar;C:\Users\guilh\.m2\repository\org\springframework\boot\spring-boot-persistence\4.0.6\spring-boot-persistence-4.0.6.jar;C:\Users\guilh\.m2\repository\org\springframework\data\spring-data-commons\4.0.5\spring-data-commons-4.0.5.jar;C:\Users\guilh\.m2\repository\org\springframework\boot\spring-boot-hibernate\4.0.6\spring-boot-hibernate-4.0.6.jar;C:\Users\guilh\.m2\repository\org\springframework\boot\spring-boot-jpa\4.0.6\spring-boot-jpa-4.0.6.jar;C:\Users\guilh\.m2\repository\jakarta\persistence\jakarta.persistence-api\3.2.0\jakarta.persistence-api-3.2.0.jar;C:\Users\guilh\.m2\repository\org\hibernate\orm\hibernate-core\7.2.12.Final\hibernate-core-7.2.12.Final.jar;C:\Users\guilh\.m2\repository\jakarta\transaction\jakarta.transaction-api\2.0.1\jakarta.transaction-api-2.0.1.jar;C:\Users\guilh\.m2\repository\org\jboss\logging\jboss-logging\3.6.3.Final\jboss-logging-3.6.3.Final.jar;C:\Users\guilh\.m2\repository\org\hibernate\models\hibernate-models\1.0.1\hibernate-models-1.0.1.jar;C:\Users\guilh\.m2\repository\com\fasterxml\classmate\1.7.3\classmate-1.7.3.jar;C:\Users\guilh\.m2\repository\org\glassfish\jaxb\jaxb-runtime\4.0.6\jaxb-runtime-4.0.6.jar;C:\Users\guilh\.m2\repository\org\glassfish\jaxb\jaxb-core\4.0.6\jaxb-core-4.0.6.jar;C:\Users\guilh\.m2\repository\org\eclipse\angus\angus-activation\2.0.3\angus-activation-2.0.3.jar;C:\Users\guilh\.m2\repository\org\glassfish\jaxb\txw2\4.0.6\txw2-4.0.6.jar;C:\Users\guilh\.m2\repository\com\sun\istack\istack-commons-runtime\4.1.2\istack-commons-runtime-4.1.2.jar;C:\Users\guilh\.m2\repository\jakarta\inject\jakarta.inject-api\2.0.1\jakarta.inject-api-2.0.1.jar;C:\Users\guilh\.m2\repository\org\springframework\spring-orm\7.0.7\spring-orm-7.0.7.jar;C:\Users\guilh\.m2\repository\org\springframework\data\spring-data-jpa\4.0.5\spring-data-jpa-4.0.5.jar;C:\Users\guilh\.m2\repository\org\springframework\spring-tx\7.0.7\spring-tx-7.0.7.jar;C:\Users\guilh\.m2\repository\org\antlr\antlr4-runtime\4.13.2\antlr4-runtime-4.13.2.jar;C:\Users\guilh\.m2\repository\org\springframework\spring-aspects\7.0.7\spring-aspects-7.0.7.jar;C:\Users\guilh\.m2\repository\org\aspectj\aspectjweaver\1.9.25.1\aspectjweaver-1.9.25.1.jar;C:\Users\guilh\.m2\repository\org\springframework\boot\spring-boot-jdbc\4.0.6\spring-boot-jdbc-4.0.6.jar;C:\Users\guilh\.m2\repository\org\springframework\boot\spring-boot-sql\4.0.6\spring-boot-sql-4.0.6.jar;C:\Users\guilh\.m2\repository\org\springframework\boot\spring-boot-transaction\4.0.6\spring-boot-transaction-4.0.6.jar;C:\Users\guilh\.m2\repository\org\springframework\spring-jdbc\7.0.7\spring-jdbc-7.0.7.jar;C:\Users\guilh\.m2\repository\org\springframework\boot\spring-boot-starter-security\4.0.6\spring-boot-starter-security-4.0.6.jar;C:\Users\guilh\.m2\repository\org\springframework\boot\spring-boot-security\4.0.6\spring-boot-security-4.0.6.jar;C:\Users\guilh\.m2\repository\org\springframework\security\spring-security-config\7.0.5\spring-security-config-7.0.5.jar;C:\Users\guilh\.m2\repository\org\springframework\security\spring-security-core\7.0.5\spring-security-core-7.0.5.jar;C:\Users\guilh\.m2\repository\org\springframework\security\spring-security-crypto\7.0.5\spring-security-crypto-7.0.5.jar;C:\Users\guilh\.m2\repository\org\springframework\security\spring-security-web\7.0.5\spring-security-web-7.0.5.jar;C:\Users\guilh\.m2\repository\org\springframework\spring-aop\7.0.7\spring-aop-7.0.7.jar;C:\Users\guilh\.m2\repository\org\springframework\spring-beans\7.0.7\spring-beans-7.0.7.jar;C:\Users\guilh\.m2\repository\org\springframework\boot\spring-boot-starter-thymeleaf\4.0.6\spring-boot-starter-thymeleaf-4.0.6.jar;C:\Users\guilh\.m2\repository\org\springframework\boot\spring-boot-thymeleaf\4.0.6\spring-boot-thymeleaf-4.0.6.jar;C:\Users\guilh\.m2\repository\org\springframework\spring-web\7.0.7\spring-web-7.0.7.jar;C:\Users\guilh\.m2\repository\org\springframework\boot\spring-boot-starter-webmvc\4.0.6\spring-boot-starter-webmvc-4.0.6.jar;C:\Users\guilh\.m2\repository\org\springframework\boot\spring-boot-starter-jackson\4.0.6\spring-boot-starter-jackson-4.0.6.jar;C:\Users\guilh\.m2\repository\org\springframework\boot\spring-boot-jackson\4.0.6\spring-boot-jackson-4.0.6.jar;C:\Users\guilh\.m2\repository\tools\jackson\core\jackson-databind\3.1.2\jackson-databind-3.1.2.jar;C:\Users\guilh\.m2\repository\com\fasterxml\jackson\core\jackson-annotations\2.21\jackson-annotations-2.21.jar;C:\Users\guilh\.m2\repository\tools\jackson\core\jackson-core\3.1.2\jackson-core-3.1.2.jar;C:\Users\guilh\.m2\repository\org\springframework\boot\spring-boot-starter-tomcat\4.0.6\spring-boot-starter-tomcat-4.0.6.jar;C:\Users\guilh\.m2\repository\org\springframework\boot\spring-boot-starter-tomcat-runtime\4.0.6\spring-boot-starter-tomcat-runtime-4.0.6.jar;C:\Users\guilh\.m2\repository\org\apache\tomcat\embed\tomcat-embed-core\11.0.21\tomcat-embed-core-11.0.21.jar;C:\Users\guilh\.m2\repository\org\apache\tomcat\embed\tomcat-embed-el\11.0.21\tomcat-embed-el-11.0.21.jar;C:\Users\guilh\.m2\repository\org\apache\tomcat\embed\tomcat-embed-websocket\11.0.21\tomcat-embed-websocket-11.0.21.jar;C:\Users\guilh\.m2\repository\org\springframework\boot\spring-boot-tomcat\4.0.6\spring-boot-tomcat-4.0.6.jar;C:\Users\guilh\.m2\repository\org\springframework\boot\spring-boot-http-converter\4.0.6\spring-boot-http-converter-4.0.6.jar;C:\Users\guilh\.m2\repository\org\springframework\boot\spring-boot-webmvc\4.0.6\spring-boot-webmvc-4.0.6.jar;C:\Users\guilh\.m2\repository\org\springframework\boot\spring-boot-servlet\4.0.6\spring-boot-servlet-4.0.6.jar;C:\Users\guilh\.m2\repository\org\springframework\spring-webmvc\7.0.7\spring-webmvc-7.0.7.jar;C:\Users\guilh\.m2\repository\org\thymeleaf\extras\thymeleaf-extras-springsecurity6\3.1.5.RELEASE\thymeleaf-extras-springsecurity6-3.1.5.RELEASE.jar;C:\Users\guilh\.m2\repository\org\thymeleaf\thymeleaf-spring6\3.1.5.RELEASE\thymeleaf-spring6-3.1.5.RELEASE.jar;C:\Users\guilh\.m2\repository\org\thymeleaf\thymeleaf\3.1.5.RELEASE\thymeleaf-3.1.5.RELEASE.jar;C:\Users\guilh\.m2\repository\org\attoparser\attoparser\2.0.7.RELEASE\attoparser-2.0.7.RELEASE.jar;C:\Users\guilh\.m2\repository\org\unbescape\unbescape\1.1.6.RELEASE\unbescape-1.1.6.RELEASE.jar;C:\Users\guilh\.m2\repository\org\slf4j\slf4j-api\2.0.17\slf4j-api-2.0.17.jar;C:\Users\guilh\.m2\repository\com\h2database\h2\2.4.240\h2-2.4.240.jar;C:\Users\guilh\.m2\repository\jakarta\xml\bind\jakarta.xml.bind-api\4.0.4\jakarta.xml.bind-api-4.0.4.jar;C:\Users\guilh\.m2\repository\jakarta\activation\jakarta.activation-api\2.1.4\jakarta.activation-api-2.1.4.jar;C:\Users\guilh\.m2\repository\net\bytebuddy\byte-buddy\1.17.8\byte-buddy-1.17.8.jar;C:\Users\guilh\.m2\repository\org\springframework\boot\spring-boot-web-server\4.0.6\spring-boot-web-server-4.0.6.jar
Launcher Type: SUN_STANDARD

[Global flags]
     intx CICompilerCount                          = 4                                         {product} {ergonomic}
     uint ConcGCThreads                            = 2                                         {product} {ergonomic}
     uint G1ConcRefinementThreads                  = 8                                         {product} {ergonomic}
   size_t G1HeapRegionSize                         = 1048576                                   {product} {ergonomic}
    uintx GCDrainStackTargetSize                   = 64                                        {product} {ergonomic}
   size_t InitialHeapSize                          = 134217728                                 {product} {ergonomic}
   size_t MarkStackSize                            = 4194304                                   {product} {ergonomic}
   size_t MaxHeapSize                              = 2116026368                                {product} {ergonomic}
   size_t MaxNewSize                               = 1268776960                                {product} {ergonomic}
   size_t MinHeapDeltaBytes                        = 1048576                                   {product} {ergonomic}
   size_t MinHeapSize                              = 8388608                                   {product} {ergonomic}
    uintx NonNMethodCodeHeapSize                   = 5839372                                {pd product} {ergonomic}
    uintx NonProfiledCodeHeapSize                  = 122909434                              {pd product} {ergonomic}
    uintx ProfiledCodeHeapSize                     = 122909434                              {pd product} {ergonomic}
    uintx ReservedCodeCacheSize                    = 251658240                              {pd product} {ergonomic}
     bool SegmentedCodeCache                       = true                                      {product} {ergonomic}
   size_t SoftMaxHeapSize                          = 2116026368                             {manageable} {ergonomic}
     bool UseCompressedOops                        = true                           {product lp64_product} {ergonomic}
     bool UseG1GC                                  = true                                      {product} {ergonomic}
     bool UseLargePagesIndividualAllocation        = false                                  {pd product} {ergonomic}

Logging:
Log output configuration:
 #0: stdout all=warning uptime,level,tags foldmultilines=false
 #1: stderr all=off uptime,level,tags foldmultilines=false

Environment Variables:
JAVA_HOME=C:\Program Files\Java\jdk-21.0.10
PATH=C:\Program Files\Common Files\Oracle\Java\javapath;C:\Program Files (x86)\Common Files\Oracle\Java\java8path;C:\Program Files (x86)\Common Files\Oracle\Java\javapath;C:\WINDOWS\system32;C:\WINDOWS;C:\WINDOWS\System32\Wbem;C:\WINDOWS\System32\WindowsPowerShell\v1.0\;C:\WINDOWS\System32\OpenSSH\;C:\Program Files\dotnet\;C:\Program Files\Microsoft SQL Server\150\Tools\Binn\;C:\Program Files\Microsoft SQL Server\Client SDK\ODBC\170\Tools\Binn\;C:\WINDOWS\system32;C:\WINDOWS;C:\WINDOWS\System32\Wbem;C:\WINDOWS\System32\WindowsPowerShell\v1.0\;C:\WINDOWS\System32\OpenSSH\;C:\Program Files (x86)\Microsoft SQL Server\160\DTS\Binn\;C:\Program Files (x86)\Microsoft SQL Server\160\Tools\Binn\;C:\Program Files\Microsoft SQL Server\160\Tools\Binn\;C:\Program Files\Microsoft SQL Server\160\DTS\Binn\;C:\Program Files\Git\cmd;C:\Users\guilh\AppData\Local\Microsoft\WindowsApps;C:\Users\guilh\.dotnet\tools;
USERNAME=guilh
OS=Windows_NT
PROCESSOR_IDENTIFIER=Intel64 Family 6 Model 142 Stepping 12, GenuineIntel
TMP=C:\Users\guilh\AppData\Local\Temp
TEMP=C:\Users\guilh\AppData\Local\Temp




Periodic native trim disabled

---------------  S Y S T E M  ---------------

OS:
 Windows 11 , 64 bit Build 26100 (10.0.26100.8246)
OS uptime: 6 days 8:01 hours

CPU: total 8 (initial active 8) (4 cores per cpu, 2 threads per core) family 6 model 142 stepping 12 microcode 0xf8, cx8, cmov, fxsr, ht, mmx, 3dnowpref, sse, sse2, sse3, ssse3, sse4.1, sse4.2, popcnt, lzcnt, tsc, tscinvbit, avx, avx2, aes, erms, clmul, bmi1, bmi2, adx, fma, vzeroupper, clflush, clflushopt, rdtscp, f16c
Processor Information for all 8 processors :
  Max Mhz: 1800, Current Mhz: 1600, Mhz Limit: 1584

Memory: 4k page, system-wide physical 8067M (1159M free)
TotalPageFile size 32643M (AvailPageFile size 3M)
current process WorkingSet (physical memory assigned to process): 272M, peak: 272M
current process commit charge ("private bytes"): 308M, peak: 308M

vm_info: Java HotSpot(TM) 64-Bit Server VM (21.0.10+8-LTS-217) for windows-amd64 JRE (21.0.10+8-LTS-217), built on 2025-12-18T14:59:28Z by "mach5run" with MS VC++ 17.13 (VS2022)

END.
