#
# There is insufficient memory for the Java Runtime Environment to continue.
# Native memory allocation (mmap) failed to map 134217728 bytes for G1 virtual space
# Possible reasons:
#   The system is out of physical RAM or swap space
#   The process is running with CompressedOops enabled, and the Java Heap may be blocking the growth of the native heap
# Possible solutions:
#   Reduce memory load on the system
#   Increase physical memory or swap space
#   Check if swap backing store is full
#   Decrease Java heap size (-Xmx/-Xms)
#   Decrease number of Java threads
#   Decrease Java thread stack sizes (-Xss)
#   Set larger code cache with -XX:ReservedCodeCacheSize=
#   JVM is running with Unscaled Compressed Oops mode in which the Java heap is
#     placed in the first 4GB address space. The Java Heap base address is the
#     maximum limit for the native heap growth. Please use -XX:HeapBaseMinAddress
#     to set the Java Heap base and to place the Java Heap above 4GB virtual address.
# This output file may be truncated or incomplete.
#
#  Out of Memory Error (os_windows.cpp:3604), pid=15008, tid=30536
#
# JRE version:  (21.0.10+8) (build )
# Java VM: Java HotSpot(TM) 64-Bit Server VM (21.0.10+8-LTS-217, mixed mode, sharing, tiered, compressed oops, compressed class ptrs, g1 gc, windows-amd64)
# No core dump will be written. Minidumps are not enabled by default on client versions of Windows
#

---------------  S U M M A R Y ------------

Command Line: -Dnet.bytebuddy.agent.attacher.dump= net.bytebuddy.agent.Attacher com.sun.tools.attach.VirtualMachine 30484 C:\Users\guilh\.m2\repository\net\bytebuddy\byte-buddy-agent\1.14.13\byte-buddy-agent-1.14.13.jar false 

Host: Intel(R) Core(TM) i5-8265U CPU @ 1.60GHz, 8 cores, 7G,  Windows 11 , 64 bit Build 26100 (10.0.26100.8246)
Time: Wed May 20 18:27:52 2026 Hora oficial do Brasil elapsed time: 2.040283 seconds (0d 0h 0m 2s)

---------------  T H R E A D  ---------------

Current thread (0x0000016912990700):  JavaThread "Unknown thread" [_thread_in_vm, id=30536, stack(0x000000204ca00000,0x000000204cb00000) (1024K)]

Stack: [0x000000204ca00000,0x000000204cb00000]
Native frames: (J=compiled Java code, j=interpreted, Vv=VM code, C=native code)
V  [jvm.dll+0x6d0b59]
V  [jvm.dll+0x85fd56]
V  [jvm.dll+0x86224e]
V  [jvm.dll+0x862923]
V  [jvm.dll+0x282a16]
V  [jvm.dll+0x6cd405]
V  [jvm.dll+0x6c1f8a]
V  [jvm.dll+0x35bcc8]
V  [jvm.dll+0x363986]
V  [jvm.dll+0x3b4a3e]
V  [jvm.dll+0x3b4ce8]
V  [jvm.dll+0x32f98c]
V  [jvm.dll+0x3304db]
V  [jvm.dll+0x829d3e]
V  [jvm.dll+0x3c19d1]
V  [jvm.dll+0x812c0a]
V  [jvm.dll+0x4543d1]
V  [jvm.dll+0x455e21]
C  [jli.dll+0x5310]
C  [ucrtbase.dll+0x37b0]
C  [KERNEL32.DLL+0x2e8d7]
C  [ntdll.dll+0x8c3fc]


---------------  P R O C E S S  ---------------

Threads class SMR info:
_java_thread_list=0x00007ff85b228c88, length=0, elements={
}

Java Threads: ( => current thread )
Total: 0

Other Threads:
  0x0000016912eac0c0 WorkerThread "GC Thread#0"                     [id=37668, stack(0x000000204cb00000,0x000000204cc00000) (1024K)]
  0x0000016912ebccf0 ConcurrentGCThread "G1 Main Marker"            [id=51216, stack(0x000000204cc00000,0x000000204cd00000) (1024K)]
  0x0000016912ebe680 WorkerThread "G1 Conc#0"                       [id=18948, stack(0x000000204cd00000,0x000000204ce00000) (1024K)]

[error occurred during error reporting (printing all threads), id 0xc0000005, EXCEPTION_ACCESS_VIOLATION (0xc0000005) at pc=0x00007ff85a992447]
VM state: not at safepoint (not fully initialized)

VM Mutex/Monitor currently owned by a thread:  ([mutex/lock_event])
[0x00007ff85b29a010] Heap_lock - owner thread: 0x0000016912990700

Heap address: 0x0000000081e00000, size: 2018 MB, Compressed Oops mode: 32-bit

CDS archive(s) mapped at: [0x0000000000000000-0x0000000000000000-0x0000000000000000), size 0, SharedBaseAddress: 0x0000000800000000, ArchiveRelocationMode: 1.
Narrow klass base: 0x0000000000000000, Narrow klass shift: 0, Narrow klass range: 0x0

GC Precious Log:
 CardTable entry size: 512
 Card Set container configuration: InlinePtr #cards 5 size 8 Array Of Cards #cards 12 size 40 Howl #buckets 4 coarsen threshold 1843 Howl Bitmap #cards 512 size 80 coarsen threshold 460 Card regions per heap region 1 cards per card region 2048

Heap:
 garbage-first heap   total 0K, used 0K [0x0000000081e00000, 0x0000000100000000)
  region size 1024K, 0 young (0K), 0 survivors (0K)

[error occurred during error reporting (printing heap information), id 0xc0000005, EXCEPTION_ACCESS_VIOLATION (0xc0000005) at pc=0x00007ff85ad7ac39]
GC Heap History (0 events):
No events

Dll operation events (1 events):
Event: 0.009 Loaded shared library C:\Program Files\Java\jdk-21.0.10\bin\java.dll

Deoptimization events (0 events):
No events

Classes loaded (0 events):
No events

Classes unloaded (0 events):
No events

Classes redefined (0 events):
No events

Internal exceptions (0 events):
No events

ZGC Phase Switch (0 events):
No events

VM Operations (0 events):
No events

Events (0 events):
No events


Dynamic libraries:
0x00007ff6c3ef0000 - 0x00007ff6c3f00000 	C:\Program Files\Java\jdk-21.0.10\bin\java.exe
0x00007ff8c5640000 - 0x00007ff8c58a7000 	C:\WINDOWS\SYSTEM32\ntdll.dll
0x00007ff8c4670000 - 0x00007ff8c4739000 	C:\WINDOWS\System32\KERNEL32.DLL
0x00007ff8c2210000 - 0x00007ff8c2604000 	C:\WINDOWS\System32\KERNELBASE.dll
0x00007ff8c1f10000 - 0x00007ff8c205b000 	C:\WINDOWS\System32\ucrtbase.dll
0x00007ff8ba150000 - 0x00007ff8ba169000 	C:\Program Files\Java\jdk-21.0.10\bin\jli.dll
0x00007ff897000000 - 0x00007ff89701e000 	C:\Program Files\Java\jdk-21.0.10\bin\VCRUNTIME140.dll
0x00007ff8c45b0000 - 0x00007ff8c4666000 	C:\WINDOWS\System32\ADVAPI32.dll
0x00007ff8c5550000 - 0x00007ff8c55f9000 	C:\WINDOWS\System32\msvcrt.dll
0x00007ff8c4420000 - 0x00007ff8c44c7000 	C:\WINDOWS\System32\sechost.dll
0x00007ff8c53b0000 - 0x00007ff8c54c8000 	C:\WINDOWS\System32\RPCRT4.dll
0x00007ff8c4b70000 - 0x00007ff8c4d35000 	C:\WINDOWS\System32\USER32.dll
0x00007ff8c2060000 - 0x00007ff8c2087000 	C:\WINDOWS\System32\win32u.dll
0x00007ff8a6540000 - 0x00007ff8a67d3000 	C:\WINDOWS\WinSxS\amd64_microsoft.windows.common-controls_6595b64144ccf1df_6.0.26100.8115_none_3e075c82e3354f9c\COMCTL32.dll
0x00007ff8c43f0000 - 0x00007ff8c441b000 	C:\WINDOWS\System32\GDI32.dll
0x00007ff8c2ff0000 - 0x00007ff8c311b000 	C:\WINDOWS\System32\gdi32full.dll
0x00007ff8c3320000 - 0x00007ff8c33c3000 	C:\WINDOWS\System32\msvcp_win.dll
0x00007ff8b7eb0000 - 0x00007ff8b7ebb000 	C:\WINDOWS\SYSTEM32\VERSION.dll
0x00007ff8c43b0000 - 0x00007ff8c43e2000 	C:\WINDOWS\System32\IMM32.DLL
0x00007ff8ab560000 - 0x00007ff8ab56c000 	C:\Program Files\Java\jdk-21.0.10\bin\vcruntime140_1.dll
0x00007ff87f0c0000 - 0x00007ff87f14d000 	C:\Program Files\Java\jdk-21.0.10\bin\msvcp140.dll
0x00007ff85a650000 - 0x00007ff85b377000 	C:\Program Files\Java\jdk-21.0.10\bin\server\jvm.dll
0x00007ff8c40f0000 - 0x00007ff8c4170000 	C:\WINDOWS\System32\WS2_32.dll
0x00007ff8c1d70000 - 0x00007ff8c1dce000 	C:\WINDOWS\SYSTEM32\POWRPROF.dll
0x00007ff8a67f0000 - 0x00007ff8a6826000 	C:\WINDOWS\SYSTEM32\WINMM.dll
0x00007ff8c1d50000 - 0x00007ff8c1d64000 	C:\WINDOWS\SYSTEM32\UMPDC.dll
0x00007ff8c0ca0000 - 0x00007ff8c0cbb000 	C:\WINDOWS\SYSTEM32\kernel.appcore.dll
0x00007ff8aa890000 - 0x00007ff8aa89a000 	C:\Program Files\Java\jdk-21.0.10\bin\jimage.dll
0x00007ff8bfe10000 - 0x00007ff8c0052000 	C:\WINDOWS\SYSTEM32\DBGHELP.DLL
0x00007ff8c3460000 - 0x00007ff8c37e2000 	C:\WINDOWS\System32\combase.dll
0x00007ff8c44d0000 - 0x00007ff8c45a8000 	C:\WINDOWS\System32\OLEAUT32.dll
0x00007ff8af930000 - 0x00007ff8af96b000 	C:\WINDOWS\SYSTEM32\dbgcore.DLL
0x00007ff8c3120000 - 0x00007ff8c31c5000 	C:\WINDOWS\System32\bcryptPrimitives.dll
0x00007ff883a20000 - 0x00007ff883a41000 	C:\Program Files\Java\jdk-21.0.10\bin\java.dll

dbghelp: loaded successfully - version: 4.0.5 - missing functions: none
symbol engine: initialized successfully - sym options: 0x614 - pdb path: .;C:\Program Files\Java\jdk-21.0.10\bin;C:\WINDOWS\SYSTEM32;C:\WINDOWS\WinSxS\amd64_microsoft.windows.common-controls_6595b64144ccf1df_6.0.26100.8115_none_3e075c82e3354f9c;C:\Program Files\Java\jdk-21.0.10\bin\server

VM Arguments:
jvm_args: -Dnet.bytebuddy.agent.attacher.dump= 
java_command: net.bytebuddy.agent.Attacher com.sun.tools.attach.VirtualMachine 30484 C:\Users\guilh\.m2\repository\net\bytebuddy\byte-buddy-agent\1.14.13\byte-buddy-agent-1.14.13.jar false 
java_class_path (initial): C:\Users\guilh\.m2\repository\net\bytebuddy\byte-buddy-agent\1.14.13\byte-buddy-agent-1.14.13.jar
Launcher Type: SUN_STANDARD

[Global flags]
     intx CICompilerCount                          = 4                                         {product} {ergonomic}
     uint ConcGCThreads                            = 2                                         {product} {ergonomic}
     uint G1ConcRefinementThreads                  = 8                                         {product} {ergonomic}
   size_t G1HeapRegionSize                         = 1048576                                   {product} {ergonomic}
    uintx GCDrainStackTargetSize                   = 64                                        {product} {ergonomic}
   size_t InitialHeapSize                          = 134217728                                 {product} {ergonomic}
   size_t MarkStackSize                            = 4194304                                   {product} {ergonomic}
   size_t MaxHeapSize                              = 2116026368                                {product} {ergonomic}
   size_t MinHeapDeltaBytes                        = 1048576                                   {product} {ergonomic}
   size_t MinHeapSize                              = 8388608                                   {product} {ergonomic}
    uintx NonNMethodCodeHeapSize                   = 5839372                                {pd product} {ergonomic}
    uintx NonProfiledCodeHeapSize                  = 122909434                              {pd product} {ergonomic}
    uintx ProfiledCodeHeapSize                     = 122909434                              {pd product} {ergonomic}
    uintx ReservedCodeCacheSize                    = 251658240                              {pd product} {ergonomic}
     bool SegmentedCodeCache                       = true                                      {product} {ergonomic}
   size_t SoftMaxHeapSize                          = 2116026368                             {manageable} {ergonomic}
     bool UseCompressedOops                        = true                           {product lp64_product} {ergonomic}
     bool UseG1GC                                  = true                                      {product} {ergonomic}
     bool UseLargePagesIndividualAllocation        = false                                  {pd product} {ergonomic}

Logging:
Log output configuration:
 #0: stdout all=warning uptime,level,tags foldmultilines=false
 #1: stderr all=off uptime,level,tags foldmultilines=false

Environment Variables:
JAVA_HOME=C:\Program Files\Java\jdk-21.0.10
PATH=C:\Program Files\Common Files\Oracle\Java\javapath;C:\Program Files (x86)\Common Files\Oracle\Java\java8path;C:\Program Files (x86)\Common Files\Oracle\Java\javapath;C:\WINDOWS\system32;C:\WINDOWS;C:\WINDOWS\System32\Wbem;C:\WINDOWS\System32\WindowsPowerShell\v1.0\;C:\WINDOWS\System32\OpenSSH\;C:\Program Files\dotnet\;C:\Program Files\Microsoft SQL Server\150\Tools\Binn\;C:\Program Files\Microsoft SQL Server\Client SDK\ODBC\170\Tools\Binn\;C:\WINDOWS\system32;C:\WINDOWS;C:\WINDOWS\System32\Wbem;C:\WINDOWS\System32\WindowsPowerShell\v1.0\;C:\WINDOWS\System32\OpenSSH\;C:\Program Files (x86)\Microsoft SQL Server\160\DTS\Binn\;C:\Program Files (x86)\Microsoft SQL Server\160\Tools\Binn\;C:\Program Files\Microsoft SQL Server\160\Tools\Binn\;C:\Program Files\Microsoft SQL Server\160\DTS\Binn\;C:\Program Files\Git\cmd;C:\Users\guilh\AppData\Local\Microsoft\WindowsApps;C:\Users\guilh\.dotnet\tools;
USERNAME=guilh
OS=Windows_NT
PROCESSOR_IDENTIFIER=Intel64 Family 6 Model 142 Stepping 12, GenuineIntel
TMP=C:\Users\guilh\AppData\Local\Temp
TEMP=C:\Users\guilh\AppData\Local\Temp




Periodic native trim disabled

---------------  S Y S T E M  ---------------

OS:
 Windows 11 , 64 bit Build 26100 (10.0.26100.8246)
OS uptime: 13 days 4:11 hours

CPU: total 8 (initial active 8) (4 cores per cpu, 2 threads per core) family 6 model 142 stepping 12 microcode 0xf8, cx8, cmov, fxsr, ht, mmx, 3dnowpref, sse, sse2, sse3, ssse3, sse4.1, sse4.2, popcnt, lzcnt, tsc, tscinvbit, avx, avx2, aes, erms, clmul, bmi1, bmi2, adx, fma, vzeroupper, clflush, clflushopt, rdtscp, f16c
Processor Information for all 8 processors :
  Max Mhz: 1800, Current Mhz: 1600, Mhz Limit: 1584

Memory: 4k page, system-wide physical 8067M (1115M free)
TotalPageFile size 32643M (AvailPageFile size 108M)
current process WorkingSet (physical memory assigned to process): 12M, peak: 12M
current process commit charge ("private bytes"): 60M, peak: 188M

vm_info: Java HotSpot(TM) 64-Bit Server VM (21.0.10+8-LTS-217) for windows-amd64 JRE (21.0.10+8-LTS-217), built on 2025-12-18T14:59:28Z by "mach5run" with MS VC++ 17.13 (VS2022)

END.
